16:32:33 **** Incremental Build of configuration Debug for project 6_WWDG ****
make -j16 all 
arm-none-eabi-gcc "../Core/Src/main.c" -mcpu=cortex-m4 -std=gnu11 -g3 -DDEBUG -DUSE_HAL_DRIVER -DSTM32F411xE -c -I../Core/Inc -I../Drivers/STM32F4xx_HAL_Driver/Inc -I../Drivers/STM32F4xx_HAL_Driver/Inc/Legacy -I../Drivers/CMSIS/Device/ST/STM32F4xx/Include -I../Drivers/CMSIS/Include -O0 -ffunction-sections -fdata-sections -Wall -fstack-usage -fcyclomatic-complexity -MMD -MP -MF"Core/Src/main.d" -MT"Core/Src/main.o" --specs=nano.specs -mfpu=fpv4-sp-d16 -mfloat-abi=hard -mthumb -o "Core/Src/main.o"
arm-none-eabi-gcc -o "6_WWDG.elf" @"objects.list"   -mcpu=cortex-m4 -T"C:\Users\autocon\STM32CubeIDE\workspace_1.16.0\6_WWDG\STM32F411RETX_FLASH.ld" --specs=nosys.specs -Wl,-Map="6_WWDG.map" -Wl,--gc-sections -static --specs=nano.specs -mfpu=fpv4-sp-d16 -mfloat-abi=hard -mthumb -Wl,--start-group -lc -lm -Wl,--end-group
Finished building target: 6_WWDG.elf
 
arm-none-eabi-size  6_WWDG.elf 
arm-none-eabi-objdump -h -S 6_WWDG.elf  > "6_WWDG.list"
   text	   data	    bss	    dec	    hex	filename
   8312	     12	   1660	   9984	   2700	6_WWDG.elf
Finished building: default.size.stdout
 
Finished building: 6_WWDG.list
 

16:32:34 Build Finished. 0 errors, 0 warnings. (took 740ms)

